Determining size of QOS_FLOWID failed with the following output:
Change Dir: '/home/coby/projects/game-stream/packages/protocol/build/CMakeFiles/CMakeTmp'

Run Build Command(s): /usr/bin/cmake -E env VERBOSE=1 /usr/bin/gmake -f Makefile cmTC_da613/fast
/usr/bin/gmake  -f CMakeFiles/cmTC_da613.dir/build.make CMakeFiles/cmTC_da613.dir/build
gmake[1]: Entering directory '/home/coby/projects/game-stream/packages/protocol/build/CMakeFiles/CMakeTmp'
Building C object CMakeFiles/cmTC_da613.dir/HAS_QOS_FLOWID.c.o
/home/coby/emsdk/upstream/emscripten/emcc   -std=gnu11 -MD -MT CMakeFiles/cmTC_da613.dir/HAS_QOS_FLOWID.c.o -MF CMakeFiles/cmTC_da613.dir/HAS_QOS_FLOWID.c.o.d -o CMakeFiles/cmTC_da613.dir/HAS_QOS_FLOWID.c.o -c /home/coby/projects/game-stream/packages/protocol/build/CMakeFiles/CheckTypeSize/HAS_QOS_FLOWID.c
/home/coby/projects/game-stream/packages/protocol/build/CMakeFiles/CheckTypeSize/HAS_QOS_FLOWID.c:1:10: fatal error: 'winsock2.h' file not found
    1 | #include "winsock2.h"
      |          ^~~~~~~~~~~~
1 error generated.
gmake[1]: *** [CMakeFiles/cmTC_da613.dir/build.make:79: CMakeFiles/cmTC_da613.dir/HAS_QOS_FLOWID.c.o] Error 1
gmake[1]: Leaving directory '/home/coby/projects/game-stream/packages/protocol/build/CMakeFiles/CMakeTmp'
gmake: *** [Makefile:127: cmTC_da613/fast] Error 2


/home/coby/projects/game-stream/packages/protocol/build/CMakeFiles/CheckTypeSize/HAS_QOS_FLOWID.c:
#include "winsock2.h"
#include "qos2.h"


#undef KEY
#if defined(__i386)
# define KEY '_','_','i','3','8','6'
#elif defined(__x86_64)
# define KEY '_','_','x','8','6','_','6','4'
#elif defined(__ppc__)
# define KEY '_','_','p','p','c','_','_'
#elif defined(__ppc64__)
# define KEY '_','_','p','p','c','6','4','_','_'
#elif defined(__aarch64__)
# define KEY '_','_','a','a','r','c','h','6','4','_','_'
#elif defined(__ARM_ARCH_7A__)
# define KEY '_','_','A','R','M','_','A','R','C','H','_','7','A','_','_'
#elif defined(__ARM_ARCH_7S__)
# define KEY '_','_','A','R','M','_','A','R','C','H','_','7','S','_','_'
#endif

#define SIZE (sizeof(QOS_FLOWID))
char info_size[] =  {'I', 'N', 'F', 'O', ':', 's','i','z','e','[',
  ('0' + ((SIZE / 10000)%10)),
  ('0' + ((SIZE / 1000)%10)),
  ('0' + ((SIZE / 100)%10)),
  ('0' + ((SIZE / 10)%10)),
  ('0' +  (SIZE    % 10)),
  ']',
#ifdef KEY
  ' ','k','e','y','[', KEY, ']',
#endif
  '\0'};

#ifdef __CLASSIC_C__
int main(argc, argv) int argc; char *argv[];
#else
int main(int argc, char *argv[])
#endif
{
  int require = 0;
  require += info_size[argc];
  (void)argv;
  return require;
}


Determining size of PQOS_FLOWID failed with the following output:
Change Dir: '/home/coby/projects/game-stream/packages/protocol/build/CMakeFiles/CMakeTmp'

Run Build Command(s): /usr/bin/cmake -E env VERBOSE=1 /usr/bin/gmake -f Makefile cmTC_fe87c/fast
/usr/bin/gmake  -f CMakeFiles/cmTC_fe87c.dir/build.make CMakeFiles/cmTC_fe87c.dir/build
gmake[1]: Entering directory '/home/coby/projects/game-stream/packages/protocol/build/CMakeFiles/CMakeTmp'
Building C object CMakeFiles/cmTC_fe87c.dir/HAS_PQOS_FLOWID.c.o
/home/coby/emsdk/upstream/emscripten/emcc   -std=gnu11 -MD -MT CMakeFiles/cmTC_fe87c.dir/HAS_PQOS_FLOWID.c.o -MF CMakeFiles/cmTC_fe87c.dir/HAS_PQOS_FLOWID.c.o.d -o CMakeFiles/cmTC_fe87c.dir/HAS_PQOS_FLOWID.c.o -c /home/coby/projects/game-stream/packages/protocol/build/CMakeFiles/CheckTypeSize/HAS_PQOS_FLOWID.c
/home/coby/projects/game-stream/packages/protocol/build/CMakeFiles/CheckTypeSize/HAS_PQOS_FLOWID.c:1:10: fatal error: 'winsock2.h' file not found
    1 | #include "winsock2.h"
      |          ^~~~~~~~~~~~
1 error generated.
gmake[1]: *** [CMakeFiles/cmTC_fe87c.dir/build.make:79: CMakeFiles/cmTC_fe87c.dir/HAS_PQOS_FLOWID.c.o] Error 1
gmake[1]: Leaving directory '/home/coby/projects/game-stream/packages/protocol/build/CMakeFiles/CMakeTmp'
gmake: *** [Makefile:127: cmTC_fe87c/fast] Error 2


/home/coby/projects/game-stream/packages/protocol/build/CMakeFiles/CheckTypeSize/HAS_PQOS_FLOWID.c:
#include "winsock2.h"
#include "qos2.h"


#undef KEY
#if defined(__i386)
# define KEY '_','_','i','3','8','6'
#elif defined(__x86_64)
# define KEY '_','_','x','8','6','_','6','4'
#elif defined(__ppc__)
# define KEY '_','_','p','p','c','_','_'
#elif defined(__ppc64__)
# define KEY '_','_','p','p','c','6','4','_','_'
#elif defined(__aarch64__)
# define KEY '_','_','a','a','r','c','h','6','4','_','_'
#elif defined(__ARM_ARCH_7A__)
# define KEY '_','_','A','R','M','_','A','R','C','H','_','7','A','_','_'
#elif defined(__ARM_ARCH_7S__)
# define KEY '_','_','A','R','M','_','A','R','C','H','_','7','S','_','_'
#endif

#define SIZE (sizeof(PQOS_FLOWID))
char info_size[] =  {'I', 'N', 'F', 'O', ':', 's','i','z','e','[',
  ('0' + ((SIZE / 10000)%10)),
  ('0' + ((SIZE / 1000)%10)),
  ('0' + ((SIZE / 100)%10)),
  ('0' + ((SIZE / 10)%10)),
  ('0' +  (SIZE    % 10)),
  ']',
#ifdef KEY
  ' ','k','e','y','[', KEY, ']',
#endif
  '\0'};

#ifdef __CLASSIC_C__
int main(argc, argv) int argc; char *argv[];
#else
int main(int argc, char *argv[])
#endif
{
  int require = 0;
  require += info_size[argc];
  (void)argv;
  return require;
}


